// Vitest Snapshot v1, https://vitest.dev/guide/snapshot.html

exports[`Router > renders users on the page 1`] = `
<div>
  <main>
    <form>
      <div
        class="field-wrapper"
      >
        <label>
          Choose Cookies
          <select
            name="cookieType"
          >
            <option
              value="chocolate"
            >
              Chocolate Chip
            </option>
            <option
              value="shortbread"
            >
              Shortbread
            </option>
            <option
              value="macaroon"
            >
              Macaroon
            </option>
          </select>
        </label>
        <label>
          Quantity
          <select
            name="cookieQuantity"
          >
            <option
              value="1"
            >
              1
            </option>
            <option
              value="2"
            >
              2
            </option>
            <option
              value="3"
            >
              3
            </option>
            <option
              value="4"
            >
              4
            </option>
            <option
              value="5"
            >
              5
            </option>
          </select>
        </label>
      </div>
      <div
        class="button-wrapper"
      >
        <button>
          Add Cookies
        </button>
        <button
          class="second-button"
        >
          Remove Cookies
        </button>
      </div>
    </form>
    <section
      class="cookie-display"
    >
      <div>
        <span>
          Chocolate Chip:
        </span>
        <span
          data-testid="chocolateChip"
        >
          0
        </span>
      </div>
      <div>
        <span>
          Shortbread:
        </span>
        <span
          data-testid="shortbread"
        >
          0
        </span>
      </div>
      <div>
        <span>
          Macaroon:
        </span>
        <span
          data-testid="macaroon"
        >
          0
        </span>
      </div>
    </section>
  </main>
</div>
`;
